// Jest Snapshot v1, https://goo.gl/fbAQLP

exports[`renders correctly 1`] = `
<View
  style={
    Object {
      "alignItems": "center",
      "flex": 1,
      "flexDirection": "row",
      "paddingHorizontal": 12,
      "paddingVertical": 12,
    }
  }
>
  <View
    style={
      Object {
        "flex": 1,
        "flexWrap": "wrap",
        "justifyContent": "flex-start",
        "marginLeft": 12,
      }
    }
  >
    <Text
      numberOfLines={2}
      style={
        Object {
          "color": "#2695D2",
          "fontSize": 16,
          "fontWeight": "bold",
        }
      }
    />
    <Text
      numberOfLines={2}
      style={
        Object {
          "color": "#637381",
          "fontSize": 14,
          "fontWeight": "normal",
        }
      }
    />
    <View
      style={
        Object {
          "flex": 1,
          "flexDirection": "row",
          "justifyContent": "flex-start",
          "marginTop": 10,
        }
      }
    />
    <Text
      style={
        Object {
          "color": "#637381",
          "fontSize": 12,
          "fontWeight": "normal",
          "marginTop": 6,
        }
      }
    />
  </View>
</View>
`;
